<?xml version="1.0" encoding="UTF-8"?>
<testsuites name="jest tests" tests="1" failures="0" errors="0" time="0.585">
  <testsuite name="undefined" errors="0" failures="0" skipped="0" timestamp="2025-01-30T09:37:40" time="0.508" tests="1">
    <testcase classname=" sample test" name=" sample test" time="0.003">   
    </testcase>
  </testsuite>
</testsuites>
